<html>
<body>
<pre>
<h1>礦ision Build Log</h1>
<h2>Tool Versions:</h2>
IDE-Version: μVision V5.27.1.0
Copyright (C) 2019 ARM Ltd and ARM Germany GmbH. All rights reserved.
License Information: 1 11, 111, LIC=LSNGK-Z9PGY-FUV4P-MUU7S-0QQ6V-3B010
 
Tool Versions:
Toolchain:       MDK-ARM Plus  Version: 5.27.1.0
Toolchain Path:  D:\SoftWare\Keil MDK-ARM\ARM\ARMCC\Bin
C Compiler:      Armcc.exe V5.06 update 6 (build 750)
Assembler:       Armasm.exe V5.06 update 6 (build 750)
Linker/Locator:  ArmLink.exe V5.06 update 6 (build 750)
Library Manager: ArmAr.exe V5.06 update 6 (build 750)
Hex Converter:   FromElf.exe V5.06 update 6 (build 750)
CPU DLL:         SARMCM3.DLL V5.27.1.0
Dialog DLL:      DCM.DLL V1.17.2.0
Target DLL:      STLink\ST-LINKIII-KEIL_SWO.dll V3.0.6.0
Dialog DLL:      TCM.DLL V1.36.1.0
 
<h2>Project:</h2>
G:\Desktop\实验室\大学生科研\College-students--scientific-research-of-hunting\HardWare\DEBUG406AUTOCAR2019-MCU\Project\DeBug406Team\MDK-ARM\Project.uvprojx
Project File Date:  10/16/2019

<h2>Output:</h2>
*** Using Compiler 'V5.06 update 6 (build 750)', folder: 'D:\SoftWare\Keil MDK-ARM\ARM\ARMCC\Bin'
Build target 'STM32F40_41xxx'
compiling system_stm32f4xx.c...
compiling stm32f4xx_wwdg.c...
compiling stm32f4xx_pwr.c...
compiling stm32f4xx_flash.c...
compiling stm32f4xx_dma2d.c...
compiling main.c...
compiling stm32f4xx_it.c...
compiling stm32f4xx_dfsdm.c...
compiling stm32f4xx_fmpi2c.c...
compiling stm32f4xx_hash.c...
compiling stm32f4xx_dbgmcu.c...
compiling stm32f4xx_spi.c...
compiling stm32f4xx_sdio.c...
compiling stm32f4xx_ltdc.c...
compiling stm32f4xx_adc.c...
compiling stm32f4xx_iwdg.c...
compiling stm32f4xx_cryp_tdes.c...
compiling stm32f4xx_cryp.c...
compiling stm32f4xx_tim.c...
compiling stm32f4xx_rtc.c...
compiling stm32f4xx_cryp_aes.c...
compiling stm32f4xx_crc.c...
compiling stm32f4xx_sai.c...
compiling stm32f4xx_cryp_des.c...
compiling stm32f4xx_spdifrx.c...
compiling stm32f4xx_rng.c...
compiling stm32f4xx_i2c.c...
compiling stm32f4xx_usart.c...
compiling misc.c...
compiling stm32f4xx_exti.c...
compiling stm32f4xx_lptim.c...
compiling stm32f4xx_dcmi.c...
compiling stm32f4xx_dac.c...
compiling stm32f4xx_fsmc.c...
compiling stm32f4xx_can.c...
compiling stm32f4xx_hash_sha1.c...
compiling stm32f4xx_syscfg.c...
compiling board.c...
compiling stm32f4xx_dma.c...
compiling stm32f4xx_gpio.c...
compiling stm32f4xx_hash_md5.c...
compiling stm32f4xx_rcc.c...
compiling encoder.c...
compiling servo.c...
compiling buttom.c...
compiling serial.c...
compiling gyro.c...
compiling motor.c...
compiling systick.c...
compiling cpu_test.c...
compiling laser.c...
compiling point.c...
compiling UpHillOrDownHill.c...
compiling line.c...
compiling supersonic.c...
compiling motor_turn.c...
compiling SHELL.c...
compiling SKILL.c...
linking...
Program Size: Code=37972 RO-data=460 RW-data=248 ZI-data=1096  
FromELF: creating hex file...
"STM32F40_41xxx\STM32F40_41xxx.axf" - 0 Error(s), 0 Warning(s).

<h2>Software Packages used:</h2>

Package Vendor: ARM
                http://www.keil.com/pack/ARM.CMSIS.5.5.1.pack
                ARM.CMSIS.5.5.1
                CMSIS (Cortex Microcontroller Software Interface Standard)
   * Component: CORE Version: 5.2.0

Package Vendor: Keil
                http://www.keil.com/pack/Keil.STM32F4xx_DFP.2.12.0.pack
                Keil.STM32F4xx_DFP.2.12.0
                STMicroelectronics STM32F4 Series Device Support, Drivers and Examples

<h2>Collection of Component include folders:</h2>
  .\RTE\_STM32F40_41xxx
  D:\SoftWare\Keil MDK-ARM\PACK\ARM\CMSIS\5.5.1\CMSIS\Core\Include
  D:\SoftWare\Keil MDK-ARM\PACK\Keil\STM32F4xx_DFP\2.12.0\Drivers\CMSIS\Device\ST\STM32F4xx\Include

<h2>Collection of Component Files used:</h2>

   * Component: ARM::CMSIS:CORE:5.2.0
Build Time Elapsed:  00:00:24
</pre>
</body>
</html>
